<?xml version="1.0" encoding="UTF-8"?>
<testsuites name="jest tests" tests="29" failures="0" errors="0" time="7.835">
  <testsuite name="tests/integration/tasks.update.int.test.js" errors="0" failures="0" skipped="0" timestamp="2025-11-14T17:10:04" time="3.487" tests="4">
    <testcase classname="Tasks UPDATE (PUT /api/tasks/:id)" name="✅ El propietario puede actualizar su propia task" time="0.28">
    </testcase>
    <testcase classname="Tasks UPDATE (PUT /api/tasks/:id)" name="❌ Un usuario NO puede actualizar la task de otro usuario (403)" time="0.405">
    </testcase>
    <testcase classname="Tasks UPDATE (PUT /api/tasks/:id)" name="🛂 Un admin SÍ puede actualizar la task de otro usuario" time="0.346">
    </testcase>
    <testcase classname="Tasks UPDATE (PUT /api/tasks/:id)" name="🧹 Validación: update con payload inválido devuelve 400" time="0.234">
    </testcase>
  </testsuite>
  <testsuite name="tests/frontend/app.tasks.edge.test.js" errors="0" failures="0" skipped="0" timestamp="2025-11-14T17:10:09" time="0.795" tests="3">
    <testcase classname="Tasks – casos edge" name="si /api/tasks devuelve arreglo vacío, se muestra estado &quot;sin tareas&quot;" time="0.377">
    </testcase>
    <testcase classname="Tasks – casos edge" name="renderiza una lista grande sin romper (100 ítems)" time="0.136">
    </testcase>
    <testcase classname="Tasks – casos edge" name="si /api/tasks devuelve 500, muestra estado de error y no rompe" time="0.079">
    </testcase>
  </testsuite>
  <testsuite name="tests/frontend/app.login.errors.test.js" errors="0" failures="0" skipped="0" timestamp="2025-11-14T17:10:10" time="0.248" tests="3">
    <testcase classname="Login – manejo de errores" name="si la API devuelve 401, muestra error y permanece en login" time="0.03">
    </testcase>
    <testcase classname="Login – manejo de errores" name="no envía si usuario o password están vacíos" time="0.031">
    </testcase>
    <testcase classname="Login – manejo de errores" name="si el servidor devuelve 500, muestra mensaje de error y permanece en login" time="0.034">
    </testcase>
  </testsuite>
  <testsuite name="tests/unit/tasks.controller.errors.test.js" errors="0" failures="0" skipped="0" timestamp="2025-11-14T17:10:10" time="0.735" tests="6">
    <testcase classname="Tasks controller – manejo de errores" name="PUT /api/tasks/:id responde 500 si update lanza error" time="0.115">
    </testcase>
    <testcase classname="Tasks controller – manejo de errores" name="POST /api/tasks devuelve 400 si falta title" time="0.108">
    </testcase>
    <testcase classname="Tasks controller – manejo de errores" name="PUT /api/tasks/:id devuelve 404 si no existe" time="0.116">
    </testcase>
    <testcase classname="Tasks controller – manejo de errores" name="GET /api/tasks sin token → 401" time="0.006">
    </testcase>
    <testcase classname="Tasks controller – manejo de errores" name="GET /api/tasks/:id con id inválido devuelve 400/404" time="0.115">
    </testcase>
    <testcase classname="Tasks controller – manejo de errores" name="PUT /api/tasks/:id sin token devuelve 401" time="0.006">
    </testcase>
  </testsuite>
  <testsuite name="tests/integration/tasks.controller.test.js" errors="0" failures="0" skipped="0" timestamp="2025-11-14T17:10:11" time="0.547" tests="5">
    <testcase classname="Tasks Controller CRUD (Integration, AAA)" name="CREATE task" time="0.014">
    </testcase>
    <testcase classname="Tasks Controller CRUD (Integration, AAA)" name="GET all tasks" time="0.008">
    </testcase>
    <testcase classname="Tasks Controller CRUD (Integration, AAA)" name="GET task by ID" time="0.013">
    </testcase>
    <testcase classname="Tasks Controller CRUD (Integration, AAA)" name="UPDATE task" time="0.015">
    </testcase>
    <testcase classname="Tasks Controller CRUD (Integration, AAA)" name="DELETE task" time="0.015">
    </testcase>
  </testsuite>
  <testsuite name="tests/unit/auth.middleware.test.js" errors="0" failures="0" skipped="0" timestamp="2025-11-14T17:10:11" time="0.184" tests="3">
    <testcase classname="Auth Middleware (AAA)" name="✅ Token válido → next()" time="0.004">
    </testcase>
    <testcase classname="Auth Middleware (AAA)" name="❌ Sin token → 401" time="0.002">
    </testcase>
    <testcase classname="Auth Middleware (AAA)" name="❌ Token inválido → 401" time="0.002">
    </testcase>
  </testsuite>
  <testsuite name="tests/frontend/app.flow.test.js" errors="0" failures="0" skipped="0" timestamp="2025-11-14T17:10:11" time="0.212" tests="1">
    <testcase classname="Flujo simple: login → muestra Tasks" name="al loguear OK, oculta login y muestra tasks" time="0.039">
    </testcase>
  </testsuite>
  <testsuite name="tests/frontend/app.render.test.js" errors="0" failures="0" skipped="0" timestamp="2025-11-14T17:10:12" time="0.199" tests="2">
    <testcase classname="UI render básico (index.html)" name="muestra el título TikTask y el form de login" time="0.018">
    </testcase>
    <testcase classname="UI render básico (index.html)" name="tiene los elementos clave de la vista de tareas" time="0.024">
    </testcase>
  </testsuite>
  <testsuite name="tests/unit/admin.middleware.test.js" errors="0" failures="0" skipped="0" timestamp="2025-11-14T17:10:12" time="0.219" tests="2">
    <testcase classname="adminMiddleware" name="pasa si role=admin" time="0.003">
    </testcase>
    <testcase classname="adminMiddleware" name="bloquea si no es admin" time="0.003">
    </testcase>
  </testsuite>
</testsuites>